// Jest Snapshot v1, https://jestjs.io/docs/snapshot-testing

exports[`AnimatedDigit Component matches snapshot for digit 9 1`] = `
<DocumentFragment>
  <span
    aria-hidden="true"
    class="container"
  >
    <span
      animate="animate"
      class="digit"
      exit="exit"
      initial="initial"
      transition="[object Object]"
      variants="[object Object]"
    >
      9
    </span>
  </span>
</DocumentFragment>
`;
