// Jest Snapshot v1, https://goo.gl/fbAQLP

exports[`LapList Component matches snapshot 1`] = `
<DocumentFragment>
  <div
    aria-label="Lap history"
    aria-live="polite"
    class="lapList"
    role="log"
  >
    <div
      animate="[object Object]"
      aria-label="Lap 3, duration 01:23.45"
      class="lap fastest"
      exit="[object Object]"
      initial="[object Object]"
      transition="[object Object]"
    >
      <span
        class="lapLabel"
      >
        Lap 3
      </span>
      <span
        class="lapTime"
      >
        01:23.45
      </span>
      <span
        class="lapDelta"
      >
        +01:23.45
      </span>
    </div>
    <div
      animate="[object Object]"
      aria-label="Lap 2, duration 01:23.45"
      class="lap slowest"
      exit="[object Object]"
      initial="[object Object]"
      transition="[object Object]"
    >
      <span
        class="lapLabel"
      >
        Lap 2
      </span>
      <span
        class="lapTime"
      >
        01:23.45
      </span>
      <span
        class="lapDelta"
      >
        +01:23.45
      </span>
    </div>
    <div
      animate="[object Object]"
      aria-label="Lap 1, duration 01:23.45"
      class="lap slowest"
      exit="[object Object]"
      initial="[object Object]"
      transition="[object Object]"
    >
      <span
        class="lapLabel"
      >
        Lap 1
      </span>
      <span
        class="lapTime"
      >
        01:23.45
      </span>
      <span
        class="lapDelta"
      >
        +01:23.45
      </span>
    </div>
  </div>
</DocumentFragment>
`;
