// Jest Snapshot v1, https://jestjs.io/docs/snapshot-testing

exports[`LapList Component matches snapshot 1`] = `
<DocumentFragment>
  <section
    aria-label="Lap history"
    aria-live="polite"
    class="lapList"
    role="log"
  >
    <header
      class="header"
    >
      <span
        class="title"
      >
        History
      </span>
      <button
        class="clearButton "
        type="button"
      >
        Clear
      </button>
    </header>
    <div
      class="lap latest fastest"
    >
      <span
        class="lapLabel"
      >
        Lap 3
      </span>
      <span
        class="lapTime"
      >
        01:23.45
      </span>
      <span
        class="lapDelta"
      >
        +01:23.45
      </span>
      <button
        aria-label="Delete lap 3"
        class="delete"
        type="button"
      >
        ×
      </button>
    </div>
    <div
      class="lap slowest"
    >
      <span
        class="lapLabel"
      >
        Lap 2
      </span>
      <span
        class="lapTime"
      >
        01:23.45
      </span>
      <span
        class="lapDelta"
      >
        +01:23.45
      </span>
      <button
        aria-label="Delete lap 2"
        class="delete"
        type="button"
      >
        ×
      </button>
    </div>
    <div
      class="lap slowest"
    >
      <span
        class="lapLabel"
      >
        Lap 1
      </span>
      <span
        class="lapTime"
      >
        01:23.45
      </span>
      <span
        class="lapDelta"
      >
        +01:23.45
      </span>
      <button
        aria-label="Delete lap 1"
        class="delete"
        type="button"
      >
        ×
      </button>
    </div>
  </section>
</DocumentFragment>
`;
