// Jest Snapshot v1, https://jestjs.io/docs/snapshot-testing

exports[`StopwatchControls Component enables Lap button when isRunning is true 1`] = `
<DocumentFragment>
  <div
    aria-label="Stopwatch controls"
    class="controls"
    role="group"
  >
    <button
      aria-label="Start stopwatch"
      aria-pressed="false"
      class="button primary"
      type="button"
    >
      Start
    </button>
    <button
      aria-label="Record lap"
      class="button secondary"
      disabled=""
      type="button"
    >
      Lap
    </button>
    <button
      aria-label="Reset stopwatch"
      class="button tertiary"
      type="button"
    >
      Reset
    </button>
  </div>
</DocumentFragment>
`;
