// Jest Snapshot v1, https://goo.gl/fbAQLP

exports[`StopwatchControls Component enables Lap button when isRunning is true 1`] = `
<DocumentFragment>
  <div
    aria-label="Stopwatch controls"
    class="controls"
    role="group"
  >
    <button
      aria-pressed="false"
      class="primary"
    >
      Start
    </button>
    <button
      class="secondary"
      disabled=""
    >
      Lap
    </button>
    <button
      class="tertiary"
    >
      Reset
    </button>
  </div>
</DocumentFragment>
`;
